../Core/Src/main.c:395:6:Emergency_Stop_System	1
../Core/Src/main.c:423:6:Check_Emergency_Conditions	7
../Core/Src/main.c:463:5:_write	1
../Core/Src/main.c:469:6:vLightDetectTask	10
../Core/Src/main.c:565:10:Read_Light_Sensor	3
../Core/Src/main.c:595:10:Read_ADC_Temperature	7
../Core/Src/main.c:644:6:HAL_CAN_RxFifo0MsgPendingCallback	3
../Core/Src/main.c:655:6:HAL_UART_RxCpltCallback	4
../Core/Src/main.c:686:6:HAL_UART_ErrorCallback	3
../Core/Src/main.c:705:6:vUART7TelemetryTask	4
../Core/Src/main.c:746:6:vUART7GPSTask	6
../Core/Src/main.c:798:6:vTelemetryTask	6
../Core/Src/main.c:867:6:vSafetyFaultTask	40
../Core/Src/main.c:1090:6:vCanRxTask	3
../Core/Src/main.c:1115:6:vCanTxTask	4
../Core/Src/main.c:1147:6:vDataProcessTask	29
../Core/Src/main.c:1300:6:vSpeedControlTask	4
../Core/Src/main.c:1345:5:main	15
../Core/Src/main.c:1517:6:SystemClock_Config	4
../Core/Src/main.c:1575:13:MX_ADC1_Init	3
../Core/Src/main.c:1627:13:MX_ADC3_Init	3
../Core/Src/main.c:1679:13:MX_CAN1_Init	5
../Core/Src/main.c:1743:13:MX_SPI1_Init	2
../Core/Src/main.c:1783:13:MX_UART4_Init	2
../Core/Src/main.c:1818:13:MX_UART5_Init	2
../Core/Src/main.c:1853:13:MX_UART7_Init	2
../Core/Src/main.c:1888:13:MX_USART3_UART_Init	2
../Core/Src/main.c:1923:13:MX_USB_OTG_FS_PCD_Init	2
../Core/Src/main.c:1958:13:MX_GPIO_Init	1
../Core/Src/main.c:2099:6:StartDefaultTask	1
../Core/Src/main.c:2114:6:Error_Handler	1
